2026-04-28 00:38:14,830 - 278 - INFO - INFO_INITIALIZATION_SUCCESS: 
2026-04-28 00:38:14,868 - 283 - WARNING - Unable to register converter supported Operation [Gelu:Version 20] with your Onnx installation. Converter will bail if Model contains this Op.
2026-04-28 00:38:14,870 - 283 - WARNING - Unable to register converter supported Operation [GroupNormalization:Version 18] with your Onnx installation. Converter will bail if Model contains this Op.
2026-04-28 00:38:14,870 - 283 - WARNING - Unable to register converter supported Operation [GroupNormalization:Version 21] with your Onnx installation. Converter will bail if Model contains this Op.
2026-04-28 00:38:14,871 - 283 - WARNING - Unable to register converter supported Operation [Inverse:Version 1] with your Onnx installation. Converter will bail if Model contains this Op.
2026-04-28 00:38:14,874 - 283 - WARNING - Unable to register converter supported Operation [RMSNormalization:Version 23] with your Onnx installation. Converter will bail if Model contains this Op.
2026-04-28 00:38:14,878 - 283 - WARNING - Unable to register converter supported Operation [RotaryEmbedding:Version 23] with your Onnx installation. Converter will bail if Model contains this Op.
2026-04-28 00:38:14,949 - 283 - WARNING - --desired_input_shape and -d are deprecated. Use --source_model_input_shape or -s for achieving this functionality
2026-04-28 00:38:14,950 - 278 - INFO - Processing user provided quantization encodings: 
2026-04-28 00:38:14,950 - 278 - INFO - Input shape info 
2026-04-28 00:38:14,950 - 283 - WARNING - Can't simplify the model when custom ops, quantization overrides or dynamic input shapes are specified, converting without simplification.
2026-04-28 00:38:14,958 - 283 - WARNING - Skipping Native checker in Defer Loading and ONNX Simplification not invoked
2026-04-28 00:38:14,974 - 283 - WARNING - Unused Input nodes found: []
2026-04-28 00:38:14,976 - 278 - INFO - Processed 40 quantization encodings
2026-04-28 00:38:15,101 - 278 - INFO - INFO_INITIALIZATION_SUCCESS: 
reEvalMacsParams: Re-evaluated graph statistics after IrOptimizer optimization passes:
reEvalMacsParams: Total MACs: 524288
reEvalMacsParams: Total Params Count: 524288
IrQuantizer: Param Quantizer should be set to symmetric for 32 bit biases. Will ignore param quantizer option: tf for biases
[ WARNING ] Following OPs fallback to float.
2026-04-28 00:38:15,119 - 278 - INFO - INFO_CONVERSION_SUCCESS: Conversion completed successfully
2026-04-28 00:38:15,121 - 278 - INFO - INFO_WRITE_SUCCESS: 
