Architecture of executable does not match command-line architecture, main_arch=73, cmdline_cpu=75.
hexagon-sim INFO: The rev_id used in the simulation is 0x00008c75 (v75na_1)
CORE 0:	
CORE 0:	H2/core info:
CORE 0:		Build ID: 0x775e7985
CORE 0:		Guest PC sampling available: true
CORE 0:		Multi-core:
CORE 0:			Count: ( 0 == single core) 0
CORE 0:			ID: 0
CORE 0:			Shift: 0x00000000
CORE 0:			TCM base offset per core: 0x00000000
CORE 0:			NOC master LUT base: 0xd8000000
CORE 0:			NOC slave LUT base:  0xd8000000
CORE 0:		Coprocessors:
CORE 0:		  HLX:
CORE 0:		    Present: false
CORE 0:		  HVX:
CORE 0:		    Present: true
CORE 0:		    Native vector length: 128
CORE 0:		    Contexts (when v2x == 0): 4
CORE 0:		    Can context-switch in kernel: true
CORE 0:		    VTCM base: 0xd9000000
CORE 0:		    VTCM size: 8192K
CORE 0:		  HMX:
CORE 0:		    Present: true
CORE 0:		    Units: 1
CORE 0:		User-mode DMA present: CORE 0:	true
CORE 0:		Max coprocessor threads per cluster: 2
CORE 0:		SILVER present: CORE 0:	false
CORE 0:		Kernel physical address: 0x00000000
CORE 0:		Kernel page size: 256K
CORE 0:		Number of kernel pages: 3
CORE 0:		H2 kernel in TCM: false
CORE 0:		cfgbase: 0x0000d818
CORE 0:		TCM base: 0xd8000000
CORE 0:		TCM size: 0K
CORE 0:		L2 array size: 1024K
CORE 0:		L2 cache size: 1024K
CORE 0:		L2 line size: 128
CORE 0:		L2 register base: 0xd81a0000
CORE 0:		CLADE register base: 0x00000000
CORE 0:		ECC register base: 0x00000000
CORE 0:		Audio extension: 0
CORE 0:		TLB entries: 128
CORE 0:		Replaceable TLB entries: 123
CORE 0:		STLB: false
CORE 0:			Enabled: false
CORE 0:		syscfg: 0x008da37f
CORE 0:		rev: 0x00008c75
CORE 0:		Subsystem base: 0x20000000
CORE 0:		L2VIC physical base: 0x20010000
CORE 0:		Timer physical base: 0x20020000
CORE 0:		Timer interrupt: 34
CORE 0:		Running HW threads mask: 0x0000003f
CORE 0:	
CORE 0:	Load VM index 0 /home/zzh/work/qcom_htp/example/hmx_programming_guide/demo_probe_n
CORE 0:		load VA 02000000 at 02000000
CORE 0:		load VA 0200d000 at 0200d000
CORE 0:		__boot_cmdline__ found @ 0x0200e028
CORE 0:		cmdline at 0x0200e028 set to <</home/zzh/work/qcom_htp/example/hmx_programming_guide/demo_probe_n >>
CORE 0:		__boot_net_phys_offset__ found @ 0x02010060
CORE 0:		net phys offset at 0x02010060 set to <<0x00000000>>
CORE 0:		__sys_write_mode__ found @ 0x02010064
CORE 0:		__sys_write_mode__ at 0x02010064 set to <<0x00000000>>
CORE 0:		__guest_pmap__ not found.
CORE 0:		end 0x02013548
CORE 0:		heap_size 0x04000000 (DEFAULT_HEAP_SIZE)
CORE 0:		heap_start 0x0201354c
CORE 0:		stack_size 0x00100000 (DEFAULT_STACK_SIZE)
CORE 0:		total_size 0x05000000
CORE 0:		__clade_region_high_pd0_start__ found @ 0x00000000
CORE 0:		CLADE not enabled
CORE 0:		entry 0x02000000
CORE 0:		phys_offset 0x00000000
CORE 0:		load_offset 0x00000000
CORE 0:		offset_pages 0x00000000
CORE 0:		fence_lo 0x02000000
CORE 0:		fence_hi 0xfe000000
CORE 0:	
CORE 0:	Config VM index 0
CORE 0:		Virtual CPUs 32
CORE 0:		Shared interrupts  0
CORE 0:		Priority  0
CORE 0:		Translation type offset
CORE 0:			Page size 6 (16MB)
CORE 0:			CCCC  0x7
CORE 0:			XWRU  0xf
CORE 0:			PAGES 0x0
CORE 0:			RAW   0xf76
CORE 0:		Priority 0
CORE 0:		Trapmask 0xffffffff
CORE 0:		VM ID 2
CORE 0:	
CORE 0:	Boot VM index 0, ID 2
CORE 0:	
CORE 0:	booter: Waiting for interrupts
--- probe_n_layout: single hot nibble in weight.n tile ---
A=1 everywhere, wt[byte_off] = 0x07 or 0x70, rest zero
byte  nib  col  cells  val
   0  lo     0     32    7
   0  hi     0     32    7
   1  lo     0     32    7
   1  hi     0     32    7
   2  lo     0     32    7
   2  hi     0     32    7
   3  lo     0     32    7
   3  hi     0     32    7
   4  lo     1     32    7
   4  hi     1     32    7
   5  lo     1     32    7
   5  hi     1     32    7
   6  lo     1     32    7
   6  hi     1     32    7
   7  lo     1     32    7
   7  hi     1     32    7
   8  lo     2     32    7
   8  hi     2     32    7
   9  lo     2     32    7
   9  hi     2     32    7
  10  lo     2     32    7
  10  hi     2     32    7
  11  lo     2     32    7
  11  hi     2     32    7
  12  lo     3     32    7
  12  hi     3     32    7
  13  lo     3     32    7
  13  hi     3     32    7
  14  lo     3     32    7
  14  hi     3     32    7
  15  lo     3     32    7
  15  hi     3     32    7
  16  lo     4     32    7
  16  hi     4     32    7
  17  lo     4     32    7
  17  hi     4     32    7
  18  lo     4     32    7
  18  hi     4     32    7
  19  lo     4     32    7
  19  hi     4     32    7
  20  lo     5     32    7
  20  hi     5     32    7
  21  lo     5     32    7
  21  hi     5     32    7
  22  lo     5     32    7
  22  hi     5     32    7
  23  lo     5     32    7
  23  hi     5     32    7
  24  lo     6     32    7
  24  hi     6     32    7
  25  lo     6     32    7
  25  hi     6     32    7
  26  lo     6     32    7
  26  hi     6     32    7
  27  lo     6     32    7
  27  hi     6     32    7
  28  lo     7     32    7
  28  hi     7     32    7
  29  lo     7     32    7
  29  hi     7     32    7
  30  lo     7     32    7
  30  hi     7     32    7
  31  lo     7     32    7
  31  hi     7     32    7
  32  lo     8     32    7
  32  hi     8     32    7
  33  lo     8     32    7
  33  hi     8     32    7
  34  lo     8     32    7
  34  hi     8     32    7
  35  lo     8     32    7
  35  hi     8     32    7
  36  lo     9     32    7
  36  hi     9     32    7
  37  lo     9     32    7
  37  hi     9     32    7
  38  lo     9     32    7
  38  hi     9     32    7
  39  lo     9     32    7
  39  hi     9     32    7
  40  lo    10     32    7
  40  hi    10     32    7
  41  lo    10     32    7
  41  hi    10     32    7
  42  lo    10     32    7
  42  hi    10     32    7
  43  lo    10     32    7
  43  hi    10     32    7
  44  lo    11     32    7
  44  hi    11     32    7
  45  lo    11     32    7
  45  hi    11     32    7
  46  lo    11     32    7
  46  hi    11     32    7
  47  lo    11     32    7
  47  hi    11     32    7
  48  lo    12     32    7
  48  hi    12     32    7
  49  lo    12     32    7
  49  hi    12     32    7
  50  lo    12     32    7
  50  hi    12     32    7
  51  lo    12     32    7
  51  hi    12     32    7
  52  lo    13     32    7
  52  hi    13     32    7
  53  lo    13     32    7
  53  hi    13     32    7
  54  lo    13     32    7
  54  hi    13     32    7
  55  lo    13     32    7
  55  hi    13     32    7
  56  lo    14     32    7
  56  hi    14     32    7
  57  lo    14     32    7
  57  hi    14     32    7
  58  lo    14     32    7
  58  hi    14     32    7
  59  lo    14     32    7
  59  hi    14     32    7
  60  lo    15     32    7
  60  hi    15     32    7
  61  lo    15     32    7
  61  hi    15     32    7
  62  lo    15     32    7
  62  hi    15     32    7
  63  lo    15     32    7
  63  hi    15     32    7
  64  lo    16     32    7
  64  hi    16     32    7
  65  lo    16     32    7
  65  hi    16     32    7
  66  lo    16     32    7
  66  hi    16     32    7
  67  lo    16     32    7
  67  hi    16     32    7
  68  lo    17     32    7
  68  hi    17     32    7
  69  lo    17     32    7
  69  hi    17     32    7
  70  lo    17     32    7
  70  hi    17     32    7
  71  lo    17     32    7
  71  hi    17     32    7
  72  lo    18     32    7
  72  hi    18     32    7
  73  lo    18     32    7
  73  hi    18     32    7
  74  lo    18     32    7
  74  hi    18     32    7
  75  lo    18     32    7
  75  hi    18     32    7
  76  lo    19     32    7
  76  hi    19     32    7
  77  lo    19     32    7
  77  hi    19     32    7
  78  lo    19     32    7
  78  hi    19     32    7
  79  lo    19     32    7
  79  hi    19     32    7
  80  lo    20     32    7
  80  hi    20     32    7
  81  lo    20     32    7
  81  hi    20     32    7
  82  lo    20     32    7
  82  hi    20     32    7
  83  lo    20     32    7
  83  hi    20     32    7
  84  lo    21     32    7
  84  hi    21     32    7
  85  lo    21     32    7
  85  hi    21     32    7
  86  lo    21     32    7
  86  hi    21     32    7
  87  lo    21     32    7
  87  hi    21     32    7
  88  lo    22     32    7
  88  hi    22     32    7
  89  lo    22     32    7
  89  hi    22     32    7
  90  lo    22     32    7
  90  hi    22     32    7
  91  lo    22     32    7
  91  hi    22     32    7
  92  lo    23     32    7
  92  hi    23     32    7
  93  lo    23     32    7
  93  hi    23     32    7
  94  lo    23     32    7
  94  hi    23     32    7
  95  lo    23     32    7
  95  hi    23     32    7
  96  lo    24     32    7
  96  hi    24     32    7
  97  lo    24     32    7
  97  hi    24     32    7
  98  lo    24     32    7
  98  hi    24     32    7
  99  lo    24     32    7
  99  hi    24     32    7
 100  lo    25     32    7
 100  hi    25     32    7
 101  lo    25     32    7
 101  hi    25     32    7
 102  lo    25     32    7
 102  hi    25     32    7
 103  lo    25     32    7
 103  hi    25     32    7
 104  lo    26     32    7
 104  hi    26     32    7
 105  lo    26     32    7
 105  hi    26     32    7
 106  lo    26     32    7
 106  hi    26     32    7
 107  lo    26     32    7
 107  hi    26     32    7
 108  lo    27     32    7
 108  hi    27     32    7
 109  lo    27     32    7
 109  hi    27     32    7
 110  lo    27     32    7
 110  hi    27     32    7
 111  lo    27     32    7
 111  hi    27     32    7
 112  lo    28     32    7
 112  hi    28     32    7
 113  lo    28     32    7
 113  hi    28     32    7
 114  lo    28     32    7
 114  hi    28     32    7
 115  lo    28     32    7
 115  hi    28     32    7
 116  lo    29     32    7
 116  hi    29     32    7
 117  lo    29     32    7
 117  hi    29     32    7
 118  lo    29     32    7
 118  hi    29     32    7
 119  lo    29     32    7
 119  hi    29     32    7
 120  lo    30     32    7
 120  hi    30     32    7
 121  lo    30     32    7
 121  hi    30     32    7
 122  lo    30     32    7
 122  hi    30     32    7
 123  lo    30     32    7
 123  hi    30     32    7
 124  lo    31     32    7
 124  hi    31     32    7
 125  lo    31     32    7
 125  hi    31     32    7
 126  lo    31     32    7
 126  hi    31     32    7
 127  lo    31     32    7
 127  hi    31     32    7
--- line 1 head (offsets 128..135) ---
 128  lo     0     32    7
 128  hi     0     32    7
 129  lo     0     32    7
 129  hi     0     32    7
 130  lo     0     32    7
 130  hi     0     32    7
 131  lo     0     32    7
 131  hi     0     32    7
 132  lo     1     32    7
 132  hi     1     32    7
 133  lo     1     32    7
 133  hi     1     32    7
 134  lo     1     32    7
 134  hi     1     32    7
 135  lo     1     32    7
 135  hi     1     32    7
[PASS] probe_n_layout (informational)
CORE 0:	VM 2 status 0x0
CORE 0:	VM 2 Live CPUs: 0

Done!
	T0: Insns=1852917 Packets=822749
	T1: Insns=66 Packets=66
	T2: Insns=66 Packets=66
	T3: Insns=5543970 Packets=2112660
	T4: Insns=66 Packets=66
	T5: Insns=66 Packets=66
	Total: Insns=7397151 Pcycles=8791740
