2026-06-03 02:01:33,669 - 278 - INFO - INFO_INITIALIZATION_SUCCESS: 
2026-06-03 02:01:33,731 - 283 - WARNING - Unable to register converter supported Operation [Inverse:Version 1] with your Onnx installation. Converter will bail if Model contains this Op.
2026-06-03 02:01:33,881 - 283 - WARNING - --desired_input_shape and -d are deprecated. Use --source_model_input_shape or -s for achieving this functionality
2026-06-03 02:01:33,881 - 278 - INFO - Validating user provided custom IO
2026-06-03 02:01:33,881 - 283 - WARNING - NONTRIVIAL input layout is deprecated, provided for buffers: ['A']
2026-06-03 02:01:33,881 - 283 - WARNING - NONTRIVIAL input layout is deprecated, provided for buffers: ['Y', 'A', 'Y']
2026-06-03 02:01:33,881 - 283 - WARNING - NONTRIVIAL input layout is deprecated, provided for buffers: ['A', 'Y']
2026-06-03 02:01:33,882 - 278 - INFO - Processing user provided quantization encodings: 
2026-06-03 02:01:33,882 - 278 - INFO - Input shape info 
2026-06-03 02:01:33,882 - 283 - WARNING - Can't simplify the model when custom ops, quantization overrides or dynamic input shapes are specified, converting without simplification.
2026-06-03 02:01:33,887 - 283 - WARNING - Skipping Native checker in Defer Loading and ONNX Simplification not invoked
2026-06-03 02:01:33,894 - 283 - WARNING - Unused Input nodes found: []
2026-06-03 02:01:33,896 - 278 - INFO - Processed 26 quantization encodings
2026-06-03 02:01:33,976 - 278 - INFO - INFO_INITIALIZATION_SUCCESS: 
reEvalMacsParams: Re-evaluated graph statistics after IrOptimizer optimization passes:
reEvalMacsParams: Total MACs: 524288
reEvalMacsParams: Total Params Count: 524288
IrQuantizer: Param Quantizer should be set to symmetric for 32 bit biases. Will ignore param quantizer option: tf for biases
[ WARNING ] Following OPs fallback to float.
2026-06-03 02:01:33,988 - 278 - INFO - INFO_CONVERSION_SUCCESS: Conversion completed successfully
2026-06-03 02:01:33,990 - 278 - INFO - INFO_WRITE_SUCCESS: 
